
> student-saas-frontend@0.0.0 build
> vite build

[36mvite v5.4.21 [32mbuilding for production...[36m[39m
transforming...
[32mΓ£ô[39m 110 modules transformed.
node.exe : [31mx[39m Build 
failed in 768ms
At line:1 char:1
+ & "C:\Program 
Files\nodejs/node.exe" 
"C:\Program 
Files\nodejs/node_mo ...
+ ~~~~~~~~~~~~~~~~~~~~~~~~~~~
~~~~~~~~~~~~~~~~~~~~~~~~~~~~~
~~~~~~~~~~~~~
    + CategoryInfo           
   : NotSpecified: ([31mx  
  [39m Build failed in 768   
 ms:String) [], RemoteExc    
eption
    + FullyQualifiedErrorId  
   : NativeCommandError
 
[31merror during build:
[31mCould not resolve 
"./Dashboard.css" from "src/p
ages/student/ScanAttendance.j
sx"[31m
file: [36mD:/SAAS/Student-Sa
aS/frontend/src/pages/student
/ScanAttendance.jsx[31m
    at getRollupError (file:/
//D:/SAAS/Student-SaaS/fronte
nd/node_modules/rollup/dist/e
s/shared/parseAst.js:402:41)
    at error (file:///D:/SAAS
/Student-SaaS/frontend/node_m
odules/rollup/dist/es/shared/
parseAst.js:398:42)
    at ModuleLoader.handleInv
alidResolvedId (file:///D:/SA
AS/Student-SaaS/frontend/node
_modules/rollup/dist/es/share
d/node-entry.js:21687:24)
    at file:///D:/SAAS/Studen
t-SaaS/frontend/node_modules/
rollup/dist/es/shared/node-en
try.js:21647:26[39m
